{"tool":"pest","result":"failed","tests":2,"passed":0,"assertions":1,"duration_ms":4669,"failed":1,"failures":[{"test":"P\\Tests\\Feature\\ProductTest::__pest_evaluable_authenticated_user_can_view_products","file":"\\Work\\Taram\\biloki-test-2\\vendor\\laravel\\framework\\src\\Illuminate\\Testing\\TestResponseAssert.php","line":45,"message":"Expected response status code [200] but received 500.\nFailed asserting that 500 is identical to 200.\r\n\r\nThe following exception occurred during the last request:\n\nInvalidArgumentException: Unable to locate a class or view for component [flux::columns]. in D:\\Work\\Taram\\biloki-test-2\\vendor\\laravel\\framework\\src\\Illuminate\\View\\Compilers\\ComponentTagCompiler.php:315\nStack trace:\n#0 D:\\Work\\Taram\\biloki-test-2\\vendor\\laravel\\framework\\src\\Illuminate\\View\\Compilers\\ComponentTagCompiler.php(235): Illuminate\\View\\Compilers\\ComponentTagCompiler->componentClass()\n#1 D:\\Work\\Taram\\biloki-test-2\\vendor\\livewire\\flux\\src\\FluxTagCompiler.php(25): Illuminate\\View\\Compilers\\ComponentTagCompiler->componentString()\n#2 D:\\Work\\Taram\\biloki-test-2\\vendor\\livewire\\flux\\src\\FluxTagCompiler.php(88): Flux\\FluxTagCompiler->componentString()\n#3 [internal function]: Flux\\FluxTagCompiler->{closure:Flux\\FluxTagCompiler::compileOpeningTags():83}()\n#4 D:\\Work\\Taram\\biloki-test-2\\vendor\\livewire\\flux\\src\\FluxTagCompiler.php(83): preg_replace_callback()\n#5 D:\\Work\\Taram\\biloki-test-2\\vendor\\laravel\\framework\\src\\Illuminate\\View\\Compilers\\ComponentTagCompiler.php(90): Flux\\FluxTagCompiler->compileOpeningTags()\n#6 D:\\Work\\Taram\\biloki-test-2\\vendor\\laravel\\framework\\src\\Illuminate\\View\\Compilers\\ComponentTagCompiler.php(76): Illuminate\\View\\Compilers\\ComponentTagCompiler->compileTags()\n#7 D:\\Work\\Taram\\biloki-test-2\\vendor\\livewire\\flux\\src\\FluxServiceProvider.php(78): Illuminate\\View\\Compilers\\ComponentTagCompiler->compile()\n#8 D:\\Work\\Taram\\biloki-test-2\\vendor\\laravel\\framework\\src\\Illuminate\\View\\Compilers\\BladeCompiler.php(301): Flux\\FluxServiceProvider->{closure:Flux\\FluxServiceProvider::bootTagCompiler():77}()\n#9 D:\\Work\\Taram\\biloki-test-2\\vendor\\laravel\\framework\\src\\Illuminate\\View\\Compilers\\BladeCompiler.php(188): Illuminate\\View\\Compilers\\BladeCompiler->compileString()\n#10 D:\\Work\\Taram\\biloki-test-2\\vendor\\laravel\\framework\\src\\Illuminate\\View\\Engines\\CompilerEngine.php(68): Illuminate\\View\\Compilers\\BladeCompiler->compile()\n#11 D:\\Work\\Taram\\biloki-test-2\\vendor\\livewire\\livewire\\src\\Mechanisms\\ExtendBlade\\ExtendedCompilerEngine.php(16): Illuminate\\View\\Engines\\CompilerEngine->get()\n#12 D:\\Work\\Taram\\biloki-test-2\\vendor\\laravel\\framework\\src\\Illuminate\\View\\View.php(208): Livewire\\Mechanisms\\ExtendBlade\\ExtendedCompilerEngine->get()\n#13 D:\\Work\\Taram\\biloki-test-2\\vendor\\laravel\\framework\\src\\Illuminate\\View\\View.php(191): Illuminate\\View\\View->getContents()\n#14 D:\\Work\\Taram\\biloki-test-2\\vendor\\laravel\\framework\\src\\Illuminate\\View\\View.php(160): Illuminate\\View\\View->renderContents()\n#15 D:\\Work\\Taram\\biloki-test-2\\vendor\\livewire\\livewire\\src\\Mechanisms\\HandleComponents\\HandleComponents.php(415): Illuminate\\View\\View->render()\n#16 D:\\Work\\Taram\\biloki-test-2\\vendor\\livewire\\livewire\\src\\Mechanisms\\HandleComponents\\HandleComponents.php(466): Livewire\\Mechanisms\\HandleComponents\\HandleComponents->{closure:Livewire\\Mechanisms\\HandleComponents\\HandleComponents::render():407}()\n#17 D:\\Work\\Taram\\biloki-test-2\\vendor\\livewire\\livewire\\src\\Mechanisms\\HandleComponents\\HandleComponents.php(407): Livewire\\Mechanisms\\HandleComponents\\HandleComponents->trackInRenderStack()\n#18 D:\\Work\\Taram\\biloki-test-2\\vendor\\livewire\\livewire\\src\\Mechanisms\\HandleComponents\\HandleComponents.php(81): Livewire\\Mechanisms\\HandleComponents\\HandleComponents->render()\n#19 D:\\Work\\Taram\\biloki-test-2\\vendor\\livewire\\livewire\\src\\LivewireManager.php(102): Livewire\\Mechanisms\\HandleComponents\\HandleComponents->mount()\n#20 D:\\Work\\Taram\\biloki-test-2\\vendor\\livewire\\volt\\src\\LivewireManager.php(23): Livewire\\LivewireManager->mount()\n#21 D:\\Work\\Taram\\biloki-test-2\\vendor\\livewire\\livewire\\src\\Features\\SupportPageComponents\\HandlesPageComponents.php(19): Livewire\\Volt\\LivewireManager->mount()\n#22 D:\\Work\\Taram\\biloki-test-2\\vendor\\livewire\\livewire\\src\\Features\\SupportPageComponents\\SupportPageComponents.php(118): Livewire\\Component->{closure:Livewire\\Features\\SupportPageComponents\\HandlesPageComponents::__invoke():14}()\n#23 D:\\Work\\Taram\\biloki-test-2\\vendor\\livewire\\livewire\\src\\Features\\SupportPageComponents\\HandlesPageComponents.php(14): Livewire\\Features\\SupportPageComponents\\SupportPageComponents::interceptTheRenderOfTheComponentAndRetreiveTheLayoutConfiguration()\n#24 D:\\Work\\Taram\\biloki-test-2\\vendor\\laravel\\framework\\src\\Illuminate\\Container\\BoundMethod.php(36): Livewire\\Component->__invoke()\n#25 D:\\Work\\Taram\\biloki-test-2\\vendor\\laravel\\framework\\src\\Illuminate\\Container\\Util.php(43): Illuminate\\Container\\BoundMethod::{closure:Illuminate\\Container\\BoundMethod::call():35}()\n#26 D:\\Work\\Taram\\biloki-test-2\\vendor\\laravel\\framework\\src\\Illuminate\\Container\\BoundMethod.php(96): Illuminate\\Container\\Util::unwrapIfClosure()\n#27 D:\\Work\\Taram\\biloki-test-2\\vendor\\laravel\\framework\\src\\Illuminate\\Container\\BoundMethod.php(35): Illuminate\\Container\\BoundMethod::callBoundMethod()\n#28 D:\\Work\\Taram\\biloki-test-2\\vendor\\laravel\\framework\\src\\Illuminate\\Container\\Container.php(799): Illuminate\\Container\\BoundMethod::call()\n#29 D:\\Work\\Taram\\biloki-test-2\\vendor\\livewire\\volt\\src\\VoltManager.php(37): Illuminate\\Container\\Container->call()\n#30 D:\\Work\\Taram\\biloki-test-2\\vendor\\laravel\\framework\\src\\Illuminate\\Routing\\CallableDispatcher.php(39): Livewire\\Volt\\VoltManager->{closure:Livewire\\Volt\\VoltManager::route():34}()\n#31 D:\\Work\\Taram\\biloki-test-2\\vendor\\laravel\\framework\\src\\Illuminate\\Routing\\Route.php(253): Illuminate\\Routing\\CallableDispatcher->dispatch()\n#32 D:\\Work\\Taram\\biloki-test-2\\vendor\\laravel\\framework\\src\\Illuminate\\Routing\\Route.php(218): Illuminate\\Routing\\Route->runCallable()\n#33 D:\\Work\\Taram\\biloki-test-2\\vendor\\laravel\\framework\\src\\Illuminate\\Routing\\Router.php(822): Illuminate\\Routing\\Route->run()\n#34 D:\\Work\\Taram\\biloki-test-2\\vendor\\laravel\\framework\\src\\Illuminate\\Pipeline\\Pipeline.php(180): Illuminate\\Routing\\Router->{closure:Illuminate\\Routing\\Router::runRouteWithinStack():821}()\n#35 D:\\Work\\Taram\\biloki-test-2\\vendor\\laravel\\framework\\src\\Illuminate\\Auth\\Middleware\\EnsureEmailIsVerified.php(41): Illuminate\\Pipeline\\Pipeline->{closure:Illuminate\\Pipeline\\Pipeline::prepareDestination():178}()\n#36 D:\\Work\\Taram\\biloki-test-2\\vendor\\laravel\\framework\\src\\Illuminate\\Pipeline\\Pipeline.php(219): Illuminate\\Auth\\Middleware\\EnsureEmailIsVerified->handle()\n#37 D:\\Work\\Taram\\biloki-test-2\\vendor\\laravel\\framework\\src\\Illuminate\\Routing\\Middleware\\SubstituteBindings.php(52): Illuminate\\Pipeline\\Pipeline->{closure:{closure:Illuminate\\Pipeline\\Pipeline::carry():194}:195}()\n#38 D:\\Work\\Taram\\biloki-test-2\\vendor\\laravel\\framework\\src\\Illuminate\\Pipeline\\Pipeline.php(219): Illuminate\\Routing\\Middleware\\SubstituteBindings->handle()\n#39 D:\\Work\\Taram\\biloki-test-2\\vendor\\laravel\\framework\\src\\Illuminate\\Auth\\Middleware\\Authenticate.php(63): Illuminate\\Pipeline\\Pipeline->{closure:{closure:Illuminate\\Pipeline\\Pipeline::carry():194}:195}()\n#40 D:\\Work\\Taram\\biloki-test-2\\vendor\\laravel\\framework\\src\\Illuminate\\Pipeline\\Pipeline.php(219): Illuminate\\Auth\\Middleware\\Authenticate->handle()\n#41 D:\\Work\\Taram\\biloki-test-2\\vendor\\laravel\\framework\\src\\Illuminate\\Foundation\\Http\\Middleware\\PreventRequestForgery.php(104): Illuminate\\Pipeline\\Pipeline->{closure:{closure:Illuminate\\Pipeline\\Pipeline::carry():194}:195}()\n#42 D:\\Work\\Taram\\biloki-test-2\\vendor\\laravel\\framework\\src\\Illuminate\\Pipeline\\Pipeline.php(219): Illuminate\\Foundation\\Http\\Middleware\\PreventRequestForgery->handle()\n#43 D:\\Work\\Taram\\biloki-test-2\\vendor\\laravel\\framework\\src\\Illuminate\\View\\Middleware\\ShareErrorsFromSession.php(48): Illuminate\\Pipeline\\Pipeline->{closure:{closure:Illuminate\\Pipeline\\Pipeline::carry():194}:195}()\n#44 D:\\Work\\Taram\\biloki-test-2\\vendor\\laravel\\framework\\src\\Illuminate\\Pipeline\\Pipeline.php(219): Illuminate\\View\\Middleware\\ShareErrorsFromSession->handle()\n#45 D:\\Work\\Taram\\biloki-test-2\\vendor\\laravel\\framework\\src\\Illuminate\\Session\\Middleware\\StartSession.php(120): Illuminate\\Pipeline\\Pipeline->{closure:{closure:Illuminate\\Pipeline\\Pipeline::carry():194}:195}()\n#46 D:\\Work\\Taram\\biloki-test-2\\vendor\\laravel\\framework\\src\\Illuminate\\Session\\Middleware\\StartSession.php(63): Illuminate\\Session\\Middleware\\StartSession->handleStatefulRequest()\n#47 D:\\Work\\Taram\\biloki-test-2\\vendor\\laravel\\framework\\src\\Illuminate\\Pipeline\\Pipeline.php(219): Illuminate\\Session\\Middleware\\StartSession->handle()\n#48 D:\\Work\\Taram\\biloki-test-2\\vendor\\laravel\\framework\\src\\Illuminate\\Cookie\\Middleware\\AddQueuedCookiesToResponse.php(36): Illuminate\\Pipeline\\Pipeline->{closure:{closure:Illuminate\\Pipeline\\Pipeline::carry():194}:195}()\n#49 D:\\Work\\Taram\\biloki-test-2\\vendor\\laravel\\framework\\src\\Illuminate\\Pipeline\\Pipeline.php(219): Illuminate\\Cookie\\Middleware\\AddQueuedCookiesToResponse->handle()\n#50 D:\\Work\\Taram\\biloki-test-2\\vendor\\laravel\\framework\\src\\Illuminate\\Cookie\\Middleware\\EncryptCookies.php(74): Illuminate\\Pipeline\\Pipeline->{closure:{closure:Illuminate\\Pipeline\\Pipeline::carry():194}:195}()\n#51 D:\\Work\\Taram\\biloki-test-2\\vendor\\laravel\\framework\\src\\Illuminate\\Pipeline\\Pipeline.php(219): Illuminate\\Cookie\\Middleware\\EncryptCookies->handle()\n#52 D:\\Work\\Taram\\biloki-test-2\\vendor\\laravel\\framework\\src\\Illuminate\\Pipeline\\Pipeline.php(137): Illuminate\\Pipeline\\Pipeline->{closure:{closure:Illuminate\\Pipeline\\Pipeline::carry():194}:195}()\n#53 D:\\Work\\Taram\\biloki-test-2\\vendor\\laravel\\framework\\src\\Illuminate\\Routing\\Router.php(821): Illuminate\\Pipeline\\Pipeline->then()\n#54 D:\\Work\\Taram\\biloki-test-2\\vendor\\laravel\\framework\\src\\Illuminate\\Routing\\Router.php(800): Illuminate\\Routing\\Router->runRouteWithinStack()\n#55 D:\\Work\\Taram\\biloki-test-2\\vendor\\laravel\\framework\\src\\Illuminate\\Routing\\Router.php(764): Illuminate\\Routing\\Router->runRoute()\n#56 D:\\Work\\Taram\\biloki-test-2\\vendor\\laravel\\framework\\src\\Illuminate\\Routing\\Router.php(753): Illuminate\\Routing\\Router->dispatchToRoute()\n#57 D:\\Work\\Taram\\biloki-test-2\\vendor\\laravel\\framework\\src\\Illuminate\\Foundation\\Http\\Kernel.php(200): Illuminate\\Routing\\Router->dispatch()\n#58 D:\\Work\\Taram\\biloki-test-2\\vendor\\laravel\\framework\\src\\Illuminate\\Pipeline\\Pipeline.php(180): Illuminate\\Foundation\\Http\\Kernel->{closure:Illuminate\\Foundation\\Http\\Kernel::dispatchToRouter():197}()\n#59 D:\\Work\\Taram\\biloki-test-2\\vendor\\livewire\\livewire\\src\\Features\\SupportDisablingBackButtonCache\\DisableBackButtonCacheMiddleware.php(19): Illuminate\\Pipeline\\Pipeline->{closure:Illuminate\\Pipeline\\Pipeline::prepareDestination():178}()\n#60 D:\\Work\\Taram\\biloki-test-2\\vendor\\laravel\\framework\\src\\Illuminate\\Pipeline\\Pipeline.php(219): Livewire\\Features\\SupportDisablingBackButtonCache\\DisableBackButtonCacheMiddleware->handle()\n#61 D:\\Work\\Taram\\biloki-test-2\\vendor\\laravel\\framework\\src\\Illuminate\\Foundation\\Http\\Middleware\\TransformsRequest.php(21): Illuminate\\Pipeline\\Pipeline->{closure:{closure:Illuminate\\Pipeline\\Pipeline::carry():194}:195}()\n#62 D:\\Work\\Taram\\biloki-test-2\\vendor\\laravel\\framework\\src\\Illuminate\\Foundation\\Http\\Middleware\\ConvertEmptyStringsToNull.php(31): Illuminate\\Foundation\\Http\\Middleware\\TransformsRequest->handle()\n#63 D:\\Work\\Taram\\biloki-test-2\\vendor\\laravel\\framework\\src\\Illuminate\\Pipeline\\Pipeline.php(219): Illuminate\\Foundation\\Http\\Middleware\\ConvertEmptyStringsToNull->handle()\n#64 D:\\Work\\Taram\\biloki-test-2\\vendor\\laravel\\framework\\src\\Illuminate\\Foundation\\Http\\Middleware\\TransformsRequest.php(21): Illuminate\\Pipeline\\Pipeline->{closure:{closure:Illuminate\\Pipeline\\Pipeline::carry():194}:195}()\n#65 D:\\Work\\Taram\\biloki-test-2\\vendor\\laravel\\framework\\src\\Illuminate\\Foundation\\Http\\Middleware\\TrimStrings.php(51): Illuminate\\Foundation\\Http\\Middleware\\TransformsRequest->handle()\n#66 D:\\Work\\Taram\\biloki-test-2\\vendor\\laravel\\framework\\src\\Illuminate\\Pipeline\\Pipeline.php(219): Illuminate\\Foundation\\Http\\Middleware\\TrimStrings->handle()\n#67 D:\\Work\\Taram\\biloki-test-2\\vendor\\laravel\\framework\\src\\Illuminate\\Http\\Middleware\\ValidatePostSize.php(27): Illuminate\\Pipeline\\Pipeline->{closure:{closure:Illuminate\\Pipeline\\Pipeline::carry():194}:195}()\n#68 D:\\Work\\Taram\\biloki-test-2\\vendor\\laravel\\framework\\src\\Illuminate\\Pipeline\\Pipeline.php(219): Illuminate\\Http\\Middleware\\ValidatePostSize->handle()\n#69 D:\\Work\\Taram\\biloki-test-2\\vendor\\laravel\\framework\\src\\Illuminate\\Foundation\\Http\\Middleware\\PreventRequestsDuringMaintenance.php(109): Illuminate\\Pipeline\\Pipeline->{closure:{closure:Illuminate\\Pipeline\\Pipeline::carry():194}:195}()\n#70 D:\\Work\\Taram\\biloki-test-2\\vendor\\laravel\\framework\\src\\Illuminate\\Pipeline\\Pipeline.php(219): Illuminate\\Foundation\\Http\\Middleware\\PreventRequestsDuringMaintenance->handle()\n#71 D:\\Work\\Taram\\biloki-test-2\\vendor\\laravel\\framework\\src\\Illuminate\\Http\\Middleware\\HandleCors.php(61): Illuminate\\Pipeline\\Pipeline->{closure:{closure:Illuminate\\Pipeline\\Pipeline::carry():194}:195}()\n#72 D:\\Work\\Taram\\biloki-test-2\\vendor\\laravel\\framework\\src\\Illuminate\\Pipeline\\Pipeline.php(219): Illuminate\\Http\\Middleware\\HandleCors->handle()\n#73 D:\\Work\\Taram\\biloki-test-2\\vendor\\laravel\\framework\\src\\Illuminate\\Http\\Middleware\\TrustProxies.php(58): Illuminate\\Pipeline\\Pipeline->{closure:{closure:Illuminate\\Pipeline\\Pipeline::carry():194}:195}()\n#74 D:\\Work\\Taram\\biloki-test-2\\vendor\\laravel\\framework\\src\\Illuminate\\Pipeline\\Pipeline.php(219): Illuminate\\Http\\Middleware\\TrustProxies->handle()\n#75 D:\\Work\\Taram\\biloki-test-2\\vendor\\laravel\\framework\\src\\Illuminate\\Foundation\\Http\\Middleware\\InvokeDeferredCallbacks.php(22): Illuminate\\Pipeline\\Pipeline->{closure:{closure:Illuminate\\Pipeline\\Pipeline::carry():194}:195}()\n#76 D:\\Work\\Taram\\biloki-test-2\\vendor\\laravel\\framework\\src\\Illuminate\\Pipeline\\Pipeline.php(219): Illuminate\\Foundation\\Http\\Middleware\\InvokeDeferredCallbacks->handle()\n#77 D:\\Work\\Taram\\biloki-test-2\\vendor\\laravel\\framework\\src\\Illuminate\\Http\\Middleware\\ValidatePathEncoding.php(28): Illuminate\\Pipeline\\Pipeline->{closure:{closure:Illuminate\\Pipeline\\Pipeline::carry():194}:195}()\n#78 D:\\Work\\Taram\\biloki-test-2\\vendor\\laravel\\framework\\src\\Illuminate\\Pipeline\\Pipeline.php(219): Illuminate\\Http\\Middleware\\ValidatePathEncoding->handle()\n#79 D:\\Work\\Taram\\biloki-test-2\\vendor\\laravel\\framework\\src\\Illuminate\\Pipeline\\Pipeline.php(137): Illuminate\\Pipeline\\Pipeline->{closure:{closure:Illuminate\\Pipeline\\Pipeline::carry():194}:195}()\n#80 D:\\Work\\Taram\\biloki-test-2\\vendor\\laravel\\framework\\src\\Illuminate\\Foundation\\Http\\Kernel.php(175): Illuminate\\Pipeline\\Pipeline->then()\n#81 D:\\Work\\Taram\\biloki-test-2\\vendor\\laravel\\framework\\src\\Illuminate\\Foundation\\Http\\Kernel.php(144): Illuminate\\Foundation\\Http\\Kernel->sendRequestThroughRouter()\n#82 D:\\Work\\Taram\\biloki-test-2\\vendor\\laravel\\framework\\src\\Illuminate\\Foundation\\Testing\\Concerns\\MakesHttpRequests.php(607): Illuminate\\Foundation\\Http\\Kernel->handle()\n#83 D:\\Work\\Taram\\biloki-test-2\\vendor\\laravel\\framework\\src\\Illuminate\\Foundation\\Testing\\Concerns\\MakesHttpRequests.php(368): Illuminate\\Foundation\\Testing\\TestCase->call()\n#84 D:\\Work\\Taram\\biloki-test-2\\tests\\Feature\\ProductTest.php(13): Illuminate\\Foundation\\Testing\\TestCase->get()\n#85 D:\\Work\\Taram\\biloki-test-2\\vendor\\pestphp\\pest\\src\\Factories\\TestCaseMethodFactory.php(177): P\\Tests\\Feature\\ProductTest->{closure:D:\\Work\\Taram\\biloki-test-2\\tests\\Feature\\ProductTest.php:8}()\n#86 [internal function]: P\\Tests\\Feature\\ProductTest->{closure:Pest\\Factories\\TestCaseMethodFactory::getClosure():167}()\n#87 D:\\Work\\Taram\\biloki-test-2\\vendor\\pestphp\\pest\\src\\Concerns\\Testable.php(581): call_user_func_array()\n#88 D:\\Work\\Taram\\biloki-test-2\\vendor\\pestphp\\pest\\src\\Support\\ExceptionTrace.php(26): P\\Tests\\Feature\\ProductTest->{closure:Pest\\Concerns\\Testable::__callClosure():581}()\n#89 D:\\Work\\Taram\\biloki-test-2\\vendor\\pestphp\\pest\\src\\Concerns\\Testable.php(581): Pest\\Support\\ExceptionTrace::ensure()\n#90 D:\\Work\\Taram\\biloki-test-2\\vendor\\pestphp\\pest\\src\\Concerns\\Testable.php(403): P\\Tests\\Feature\\ProductTest->__callClosure()\n#91 D:\\Work\\Taram\\biloki-test-2\\vendor\\pestphp\\pest\\src\\Factories\\TestCaseFactory.php(175) : eval()'d code(17): P\\Tests\\Feature\\ProductTest->__runTest()\n#92 D:\\Work\\Taram\\biloki-test-2\\vendor\\phpunit\\phpunit\\src\\Framework\\TestCase.php(1318): P\\Tests\\Feature\\ProductTest->__pest_evaluable_authenticated_user_can_view_products()\n#93 D:\\Work\\Taram\\biloki-test-2\\vendor\\phpunit\\phpunit\\src\\Framework\\TestCase.php(1355): PHPUnit\\Framework\\TestCase->invokeTestMethod()\n#94 D:\\Work\\Taram\\biloki-test-2\\vendor\\phpunit\\phpunit\\src\\Framework\\TestCase.php(521): PHPUnit\\Framework\\TestCase->runTest()\n#95 D:\\Work\\Taram\\biloki-test-2\\vendor\\phpunit\\phpunit\\src\\Framework\\TestRunner\\TestRunner.php(99): PHPUnit\\Framework\\TestCase->runBare()\n#96 D:\\Work\\Taram\\biloki-test-2\\vendor\\phpunit\\phpunit\\src\\Framework\\TestCase.php(361): PHPUnit\\Framework\\TestRunner->run()\n#97 D:\\Work\\Taram\\biloki-test-2\\vendor\\phpunit\\phpunit\\src\\Framework\\TestSuite.php(374): PHPUnit\\Framework\\TestCase->run()\n#98 D:\\Work\\Taram\\biloki-test-2\\vendor\\phpunit\\phpunit\\src\\Framework\\TestSuite.php(374): PHPUnit\\Framework\\TestSuite->run()\n#99 D:\\Work\\Taram\\biloki-test-2\\vendor\\phpunit\\phpunit\\src\\Framework\\TestSuite.php(374): PHPUnit\\Framework\\TestSuite->run()\n#100 D:\\Work\\Taram\\biloki-test-2\\vendor\\phpunit\\phpunit\\src\\TextUI\\TestRunner.php(64): PHPUnit\\Framework\\TestSuite->run()\n#101 D:\\Work\\Taram\\biloki-test-2\\vendor\\phpunit\\phpunit\\src\\TextUI\\Application.php(229): PHPUnit\\TextUI\\TestRunner->run()\n#102 D:\\Work\\Taram\\biloki-test-2\\vendor\\pestphp\\pest\\src\\Kernel.php(117): PHPUnit\\TextUI\\Application->run()\n#103 D:\\Work\\Taram\\biloki-test-2\\vendor\\pestphp\\pest\\bin\\pest(207): Pest\\Kernel->handle()\n#104 D:\\Work\\Taram\\biloki-test-2\\vendor\\pestphp\\pest\\bin\\pest(215): {closure:D:\\Work\\Taram\\biloki-test-2\\vendor\\pestphp\\pest\\bin\\pest:21}()\n#105 {main}\n\n----------------------------------------------------------------------------------\n\nUnable to locate a class or view for component [flux::columns]."}],"errors":1,"error_details":[{"test":"P\\Tests\\Feature\\ProductTest::__pest_evaluable_products_can_be_deleted","file":"\\Work\\Taram\\biloki-test-2\\vendor\\laravel\\framework\\src\\Illuminate\\View\\Compilers\\ComponentTagCompiler.php","line":315,"message":"Unable to locate a class or view for component [flux::columns]."}]}
